limbo.are
utility.are
ceiling.are
midgaard.are
players.are
immort.are
oldarena.are
underworld.are
enchant-eq.are
school.are
auction.are
oldschool.are
tirna.are
rocroad.are
moribund.are
gigant.are
minokeep.are
warcamp.are
ethereal.are
asylum_grounds.are
asylum_inside.are
asylum_lower.are
puppet.are
maze_of_icarus.are
isle.are
microcosm.are
micro_mob_generator.are
gnome.are
jennluansol.are
wood.are
crimson_mist.are
crimson_castle.are
maharet.are
pubdun.are
confusn.are
graveyard.are
pecortan.are
vecna_tomb.are
garmaine.are
$
